Dir /home/pepe/RETO/kernels/kernel1 OK
Dir /home/pepe/RETO/kernels/kernel1/alfa OK
Fich /home/pepe/RETO/kernels/kernel1/alfa/libK1_Ajax.js OK
Fich /home/pepe/RETO/kernels/kernel1/alfa/libK1_Clases.js OK
Fich /home/pepe/RETO/kernels/kernel1/alfa/libK1_Random.js OK
Fich /home/pepe/RETO/kernels/kernel1/alfa/libK1_Sesion.js OK
Fich /home/pepe/RETO/kernels/kernel1/alfa/libK1_Tiempo.js OK
Fich /home/pepe/RETO/kernels/kernel1/alfa/libK1_Topol.js OK
Fich /home/pepe/RETO/kernels/kernel1/alfa/libK1_Trazo.js OK
Fich /home/pepe/RETO/kernels/kernel1/alfa/libK1_Utils.js OK
Fich /home/pepe/RETO/kernels/kernel1/alfa/libK1_vApps.js OK
